ParFORM 5.0.0 (Aug 21 2026) 7 workers            Run: Fri Aug 21 16:41:20 2026
    on mapreduce;
    Symbols a,b,c,d,e,f;
    Local F = (a+2*b+3*c+d+e+f)^9;
    .sort
We have 6 mappers and 2 reducers
             Process 6 reporting
Time =       0.00 sec    Generated terms =          0
               F         Terms in process=       1047
                         Bytes used      =      46924
             Process 7 reporting
Time =       0.00 sec    Generated terms =          0
               F         Terms in process=        955
                         Bytes used      =      42520

Time =       0.00 sec    Generated terms =       2002
               F         Terms in output =       2002
                         Bytes used      =      85628
    off mapreduce;
    Format nospaces;
    Print +s F;
    .end

Time =       0.00 sec    Generated terms =       2002
               F         Terms in output =       2002
                         Bytes used      =      85628

   F=
      +f^9
      +9*e*f^8
      +36*e^2*f^7
      +84*e^3*f^6
      +126*e^4*f^5
      +126*e^5*f^4
      +84*e^6*f^3
      +36*e^7*f^2
      +9*e^8*f
      +e^9
      +9*d*f^8
      +72*d*e*f^7
      +252*d*e^2*f^6
      +504*d*e^3*f^5
      +630*d*e^4*f^4
      +504*d*e^5*f^3
      +252*d*e^6*f^2
      +72*d*e^7*f
      +9*d*e^8
      +36*d^2*f^7
      +252*d^2*e*f^6
      +756*d^2*e^2*f^5
      +1260*d^2*e^3*f^4
      +1260*d^2*e^4*f^3
      +756*d^2*e^5*f^2
      +252*d^2*e^6*f
      +36*d^2*e^7
      +84*d^3*f^6
      +504*d^3*e*f^5
      +1260*d^3*e^2*f^4
      +1680*d^3*e^3*f^3
      +1260*d^3*e^4*f^2
      +504*d^3*e^5*f
      +84*d^3*e^6
      +126*d^4*f^5
      +630*d^4*e*f^4
      +1260*d^4*e^2*f^3
      +1260*d^4*e^3*f^2
      +630*d^4*e^4*f
      +126*d^4*e^5
      +126*d^5*f^4
      +504*d^5*e*f^3
      +756*d^5*e^2*f^2
      +504*d^5*e^3*f
      +126*d^5*e^4
      +84*d^6*f^3
      +252*d^6*e*f^2
      +252*d^6*e^2*f
      +84*d^6*e^3
      +36*d^7*f^2
      +72*d^7*e*f
      +36*d^7*e^2
      +9*d^8*f
      +9*d^8*e
      +d^9
      +27*c*f^8
      +216*c*e*f^7
      +756*c*e^2*f^6
      +1512*c*e^3*f^5
      +1890*c*e^4*f^4
      +1512*c*e^5*f^3
      +756*c*e^6*f^2
      +216*c*e^7*f
      +27*c*e^8
      +216*c*d*f^7
      +1512*c*d*e*f^6
      +4536*c*d*e^2*f^5
      +7560*c*d*e^3*f^4
      +7560*c*d*e^4*f^3
      +4536*c*d*e^5*f^2
      +1512*c*d*e^6*f
      +216*c*d*e^7
      +756*c*d^2*f^6
      +4536*c*d^2*e*f^5
      +11340*c*d^2*e^2*f^4
      +15120*c*d^2*e^3*f^3
      +11340*c*d^2*e^4*f^2
      +4536*c*d^2*e^5*f
      +756*c*d^2*e^6
      +1512*c*d^3*f^5
      +7560*c*d^3*e*f^4
      +15120*c*d^3*e^2*f^3
      +15120*c*d^3*e^3*f^2
      +7560*c*d^3*e^4*f
      +1512*c*d^3*e^5
      +1890*c*d^4*f^4
      +7560*c*d^4*e*f^3
      +11340*c*d^4*e^2*f^2
      +7560*c*d^4*e^3*f
      +1890*c*d^4*e^4
      +1512*c*d^5*f^3
      +4536*c*d^5*e*f^2
      +4536*c*d^5*e^2*f
      +1512*c*d^5*e^3
      +756*c*d^6*f^2
      +1512*c*d^6*e*f
      +756*c*d^6*e^2
      +216*c*d^7*f
      +216*c*d^7*e
      +27*c*d^8
      +324*c^2*f^7
      +2268*c^2*e*f^6
      +6804*c^2*e^2*f^5
      +11340*c^2*e^3*f^4
      +11340*c^2*e^4*f^3
      +6804*c^2*e^5*f^2
      +2268*c^2*e^6*f
      +324*c^2*e^7
      +2268*c^2*d*f^6
      +13608*c^2*d*e*f^5
      +34020*c^2*d*e^2*f^4
      +45360*c^2*d*e^3*f^3
      +34020*c^2*d*e^4*f^2
      +13608*c^2*d*e^5*f
      +2268*c^2*d*e^6
      +6804*c^2*d^2*f^5
      +34020*c^2*d^2*e*f^4
      +68040*c^2*d^2*e^2*f^3
      +68040*c^2*d^2*e^3*f^2
      +34020*c^2*d^2*e^4*f
      +6804*c^2*d^2*e^5
      +11340*c^2*d^3*f^4
      +45360*c^2*d^3*e*f^3
      +68040*c^2*d^3*e^2*f^2
      +45360*c^2*d^3*e^3*f
      +11340*c^2*d^3*e^4
      +11340*c^2*d^4*f^3
      +34020*c^2*d^4*e*f^2
      +34020*c^2*d^4*e^2*f
      +11340*c^2*d^4*e^3
      +6804*c^2*d^5*f^2
      +13608*c^2*d^5*e*f
      +6804*c^2*d^5*e^2
      +2268*c^2*d^6*f
      +2268*c^2*d^6*e
      +324*c^2*d^7
      +2268*c^3*f^6
      +13608*c^3*e*f^5
      +34020*c^3*e^2*f^4
      +45360*c^3*e^3*f^3
      +34020*c^3*e^4*f^2
      +13608*c^3*e^5*f
      +2268*c^3*e^6
      +13608*c^3*d*f^5
      +68040*c^3*d*e*f^4
      +136080*c^3*d*e^2*f^3
      +136080*c^3*d*e^3*f^2
      +68040*c^3*d*e^4*f
      +13608*c^3*d*e^5
      +34020*c^3*d^2*f^4
      +136080*c^3*d^2*e*f^3
      +204120*c^3*d^2*e^2*f^2
      +136080*c^3*d^2*e^3*f
      +34020*c^3*d^2*e^4
      +45360*c^3*d^3*f^3
      +136080*c^3*d^3*e*f^2
      +136080*c^3*d^3*e^2*f
      +45360*c^3*d^3*e^3
      +34020*c^3*d^4*f^2
      +68040*c^3*d^4*e*f
      +34020*c^3*d^4*e^2
      +13608*c^3*d^5*f
      +13608*c^3*d^5*e
      +2268*c^3*d^6
      +10206*c^4*f^5
      +51030*c^4*e*f^4
      +102060*c^4*e^2*f^3
      +102060*c^4*e^3*f^2
      +51030*c^4*e^4*f
      +10206*c^4*e^5
      +51030*c^4*d*f^4
      +204120*c^4*d*e*f^3
      +306180*c^4*d*e^2*f^2
      +204120*c^4*d*e^3*f
      +51030*c^4*d*e^4
      +102060*c^4*d^2*f^3
      +306180*c^4*d^2*e*f^2
      +306180*c^4*d^2*e^2*f
      +102060*c^4*d^2*e^3
      +102060*c^4*d^3*f^2
      +204120*c^4*d^3*e*f
      +102060*c^4*d^3*e^2
      +51030*c^4*d^4*f
      +51030*c^4*d^4*e
      +10206*c^4*d^5
      +30618*c^5*f^4
      +122472*c^5*e*f^3
      +183708*c^5*e^2*f^2
      +122472*c^5*e^3*f
      +30618*c^5*e^4
      +122472*c^5*d*f^3
      +367416*c^5*d*e*f^2
      +367416*c^5*d*e^2*f
      +122472*c^5*d*e^3
      +183708*c^5*d^2*f^2
      +367416*c^5*d^2*e*f
      +183708*c^5*d^2*e^2
      +122472*c^5*d^3*f
      +122472*c^5*d^3*e
      +30618*c^5*d^4
      +61236*c^6*f^3
      +183708*c^6*e*f^2
      +183708*c^6*e^2*f
      +61236*c^6*e^3
      +183708*c^6*d*f^2
      +367416*c^6*d*e*f
      +183708*c^6*d*e^2
      +183708*c^6*d^2*f
      +183708*c^6*d^2*e
      +61236*c^6*d^3
      +78732*c^7*f^2
      +157464*c^7*e*f
      +78732*c^7*e^2
      +157464*c^7*d*f
      +157464*c^7*d*e
      +78732*c^7*d^2
      +59049*c^8*f
      +59049*c^8*e
      +59049*c^8*d
      +19683*c^9
      +18*b*f^8
      +144*b*e*f^7
      +504*b*e^2*f^6
      +1008*b*e^3*f^5
      +1260*b*e^4*f^4
      +1008*b*e^5*f^3
      +504*b*e^6*f^2
      +144*b*e^7*f
      +18*b*e^8
      +144*b*d*f^7
      +1008*b*d*e*f^6
      +3024*b*d*e^2*f^5
      +5040*b*d*e^3*f^4
      +5040*b*d*e^4*f^3
      +3024*b*d*e^5*f^2
      +1008*b*d*e^6*f
      +144*b*d*e^7
      +504*b*d^2*f^6
      +3024*b*d^2*e*f^5
      +7560*b*d^2*e^2*f^4
      +10080*b*d^2*e^3*f^3
      +7560*b*d^2*e^4*f^2
      +3024*b*d^2*e^5*f
      +504*b*d^2*e^6
      +1008*b*d^3*f^5
      +5040*b*d^3*e*f^4
      +10080*b*d^3*e^2*f^3
      +10080*b*d^3*e^3*f^2
      +5040*b*d^3*e^4*f
      +1008*b*d^3*e^5
      +1260*b*d^4*f^4
      +5040*b*d^4*e*f^3
      +7560*b*d^4*e^2*f^2
      +5040*b*d^4*e^3*f
      +1260*b*d^4*e^4
      +1008*b*d^5*f^3
      +3024*b*d^5*e*f^2
      +3024*b*d^5*e^2*f
      +1008*b*d^5*e^3
      +504*b*d^6*f^2
      +1008*b*d^6*e*f
      +504*b*d^6*e^2
      +144*b*d^7*f
      +144*b*d^7*e
      +18*b*d^8
      +432*b*c*f^7
      +3024*b*c*e*f^6
      +9072*b*c*e^2*f^5
      +15120*b*c*e^3*f^4
      +15120*b*c*e^4*f^3
      +9072*b*c*e^5*f^2
      +3024*b*c*e^6*f
      +432*b*c*e^7
      +3024*b*c*d*f^6
      +18144*b*c*d*e*f^5
      +45360*b*c*d*e^2*f^4
      +60480*b*c*d*e^3*f^3
      +45360*b*c*d*e^4*f^2
      +18144*b*c*d*e^5*f
      +3024*b*c*d*e^6
      +9072*b*c*d^2*f^5
      +45360*b*c*d^2*e*f^4
      +90720*b*c*d^2*e^2*f^3
      +90720*b*c*d^2*e^3*f^2
      +45360*b*c*d^2*e^4*f
      +9072*b*c*d^2*e^5
      +15120*b*c*d^3*f^4
      +60480*b*c*d^3*e*f^3
      +90720*b*c*d^3*e^2*f^2
      +60480*b*c*d^3*e^3*f
      +15120*b*c*d^3*e^4
      +15120*b*c*d^4*f^3
      +45360*b*c*d^4*e*f^2
      +45360*b*c*d^4*e^2*f
      +15120*b*c*d^4*e^3
      +9072*b*c*d^5*f^2
      +18144*b*c*d^5*e*f
      +9072*b*c*d^5*e^2
      +3024*b*c*d^6*f
      +3024*b*c*d^6*e
      +432*b*c*d^7
      +4536*b*c^2*f^6
      +27216*b*c^2*e*f^5
      +68040*b*c^2*e^2*f^4
      +90720*b*c^2*e^3*f^3
      +68040*b*c^2*e^4*f^2
      +27216*b*c^2*e^5*f
      +4536*b*c^2*e^6
      +27216*b*c^2*d*f^5
      +136080*b*c^2*d*e*f^4
      +272160*b*c^2*d*e^2*f^3
      +272160*b*c^2*d*e^3*f^2
      +136080*b*c^2*d*e^4*f
      +27216*b*c^2*d*e^5
      +68040*b*c^2*d^2*f^4
      +272160*b*c^2*d^2*e*f^3
      +408240*b*c^2*d^2*e^2*f^2
      +272160*b*c^2*d^2*e^3*f
      +68040*b*c^2*d^2*e^4
      +90720*b*c^2*d^3*f^3
      +272160*b*c^2*d^3*e*f^2
      +272160*b*c^2*d^3*e^2*f
      +90720*b*c^2*d^3*e^3
      +68040*b*c^2*d^4*f^2
      +136080*b*c^2*d^4*e*f
      +68040*b*c^2*d^4*e^2
      +27216*b*c^2*d^5*f
      +27216*b*c^2*d^5*e
      +4536*b*c^2*d^6
      +27216*b*c^3*f^5
      +136080*b*c^3*e*f^4
      +272160*b*c^3*e^2*f^3
      +272160*b*c^3*e^3*f^2
      +136080*b*c^3*e^4*f
      +27216*b*c^3*e^5
      +136080*b*c^3*d*f^4
      +544320*b*c^3*d*e*f^3
      +816480*b*c^3*d*e^2*f^2
      +544320*b*c^3*d*e^3*f
      +136080*b*c^3*d*e^4
      +272160*b*c^3*d^2*f^3
      +816480*b*c^3*d^2*e*f^2
      +816480*b*c^3*d^2*e^2*f
      +272160*b*c^3*d^2*e^3
      +272160*b*c^3*d^3*f^2
      +544320*b*c^3*d^3*e*f
      +272160*b*c^3*d^3*e^2
      +136080*b*c^3*d^4*f
      +136080*b*c^3*d^4*e
      +27216*b*c^3*d^5
      +102060*b*c^4*f^4
      +408240*b*c^4*e*f^3
      +612360*b*c^4*e^2*f^2
      +408240*b*c^4*e^3*f
      +102060*b*c^4*e^4
      +408240*b*c^4*d*f^3
      +1224720*b*c^4*d*e*f^2
      +1224720*b*c^4*d*e^2*f
      +408240*b*c^4*d*e^3
      +612360*b*c^4*d^2*f^2
      +1224720*b*c^4*d^2*e*f
      +612360*b*c^4*d^2*e^2
      +408240*b*c^4*d^3*f
      +408240*b*c^4*d^3*e
      +102060*b*c^4*d^4
      +244944*b*c^5*f^3
      +734832*b*c^5*e*f^2
      +734832*b*c^5*e^2*f
      +244944*b*c^5*e^3
      +734832*b*c^5*d*f^2
      +1469664*b*c^5*d*e*f
      +734832*b*c^5*d*e^2
      +734832*b*c^5*d^2*f
      +734832*b*c^5*d^2*e
      +244944*b*c^5*d^3
      +367416*b*c^6*f^2
      +734832*b*c^6*e*f
      +367416*b*c^6*e^2
      +734832*b*c^6*d*f
      +734832*b*c^6*d*e
      +367416*b*c^6*d^2
      +314928*b*c^7*f
      +314928*b*c^7*e
      +314928*b*c^7*d
      +118098*b*c^8
      +144*b^2*f^7
      +1008*b^2*e*f^6
      +3024*b^2*e^2*f^5
      +5040*b^2*e^3*f^4
      +5040*b^2*e^4*f^3
      +3024*b^2*e^5*f^2
      +1008*b^2*e^6*f
      +144*b^2*e^7
      +1008*b^2*d*f^6
      +6048*b^2*d*e*f^5
      +15120*b^2*d*e^2*f^4
      +20160*b^2*d*e^3*f^3
      +15120*b^2*d*e^4*f^2
      +6048*b^2*d*e^5*f
      +1008*b^2*d*e^6
      +3024*b^2*d^2*f^5
      +15120*b^2*d^2*e*f^4
      +30240*b^2*d^2*e^2*f^3
      +30240*b^2*d^2*e^3*f^2
      +15120*b^2*d^2*e^4*f
      +3024*b^2*d^2*e^5
      +5040*b^2*d^3*f^4
      +20160*b^2*d^3*e*f^3
      +30240*b^2*d^3*e^2*f^2
      +20160*b^2*d^3*e^3*f
      +5040*b^2*d^3*e^4
      +5040*b^2*d^4*f^3
      +15120*b^2*d^4*e*f^2
      +15120*b^2*d^4*e^2*f
      +5040*b^2*d^4*e^3
      +3024*b^2*d^5*f^2
      +6048*b^2*d^5*e*f
      +3024*b^2*d^5*e^2
      +1008*b^2*d^6*f
      +1008*b^2*d^6*e
      +144*b^2*d^7
      +3024*b^2*c*f^6
      +18144*b^2*c*e*f^5
      +45360*b^2*c*e^2*f^4
      +60480*b^2*c*e^3*f^3
      +45360*b^2*c*e^4*f^2
      +18144*b^2*c*e^5*f
      +3024*b^2*c*e^6
      +18144*b^2*c*d*f^5
      +90720*b^2*c*d*e*f^4
      +181440*b^2*c*d*e^2*f^3
      +181440*b^2*c*d*e^3*f^2
      +90720*b^2*c*d*e^4*f
      +18144*b^2*c*d*e^5
      +45360*b^2*c*d^2*f^4
      +181440*b^2*c*d^2*e*f^3
      +272160*b^2*c*d^2*e^2*f^2
      +181440*b^2*c*d^2*e^3*f
      +45360*b^2*c*d^2*e^4
      +60480*b^2*c*d^3*f^3
      +181440*b^2*c*d^3*e*f^2
      +181440*b^2*c*d^3*e^2*f
      +60480*b^2*c*d^3*e^3
      +45360*b^2*c*d^4*f^2
      +90720*b^2*c*d^4*e*f
      +45360*b^2*c*d^4*e^2
      +18144*b^2*c*d^5*f
      +18144*b^2*c*d^5*e
      +3024*b^2*c*d^6
      +27216*b^2*c^2*f^5
      +136080*b^2*c^2*e*f^4
      +272160*b^2*c^2*e^2*f^3
      +272160*b^2*c^2*e^3*f^2
      +136080*b^2*c^2*e^4*f
      +27216*b^2*c^2*e^5
      +136080*b^2*c^2*d*f^4
      +544320*b^2*c^2*d*e*f^3
      +816480*b^2*c^2*d*e^2*f^2
      +544320*b^2*c^2*d*e^3*f
      +136080*b^2*c^2*d*e^4
      +272160*b^2*c^2*d^2*f^3
      +816480*b^2*c^2*d^2*e*f^2
      +816480*b^2*c^2*d^2*e^2*f
      +272160*b^2*c^2*d^2*e^3
      +272160*b^2*c^2*d^3*f^2
      +544320*b^2*c^2*d^3*e*f
      +272160*b^2*c^2*d^3*e^2
      +136080*b^2*c^2*d^4*f
      +136080*b^2*c^2*d^4*e
      +27216*b^2*c^2*d^5
      +136080*b^2*c^3*f^4
      +544320*b^2*c^3*e*f^3
      +816480*b^2*c^3*e^2*f^2
      +544320*b^2*c^3*e^3*f
      +136080*b^2*c^3*e^4
      +544320*b^2*c^3*d*f^3
      +1632960*b^2*c^3*d*e*f^2
      +1632960*b^2*c^3*d*e^2*f
      +544320*b^2*c^3*d*e^3
      +816480*b^2*c^3*d^2*f^2
      +1632960*b^2*c^3*d^2*e*f
      +816480*b^2*c^3*d^2*e^2
      +544320*b^2*c^3*d^3*f
      +544320*b^2*c^3*d^3*e
      +136080*b^2*c^3*d^4
      +408240*b^2*c^4*f^3
      +1224720*b^2*c^4*e*f^2
      +1224720*b^2*c^4*e^2*f
      +408240*b^2*c^4*e^3
      +1224720*b^2*c^4*d*f^2
      +2449440*b^2*c^4*d*e*f
      +1224720*b^2*c^4*d*e^2
      +1224720*b^2*c^4*d^2*f
      +1224720*b^2*c^4*d^2*e
      +408240*b^2*c^4*d^3
      +734832*b^2*c^5*f^2
      +1469664*b^2*c^5*e*f
      +734832*b^2*c^5*e^2
      +1469664*b^2*c^5*d*f
      +1469664*b^2*c^5*d*e
      +734832*b^2*c^5*d^2
      +734832*b^2*c^6*f
      +734832*b^2*c^6*e
      +734832*b^2*c^6*d
      +314928*b^2*c^7
      +672*b^3*f^6
      +4032*b^3*e*f^5
      +10080*b^3*e^2*f^4
      +13440*b^3*e^3*f^3
      +10080*b^3*e^4*f^2
      +4032*b^3*e^5*f
      +672*b^3*e^6
      +4032*b^3*d*f^5
      +20160*b^3*d*e*f^4
      +40320*b^3*d*e^2*f^3
      +40320*b^3*d*e^3*f^2
      +20160*b^3*d*e^4*f
      +4032*b^3*d*e^5
      +10080*b^3*d^2*f^4
      +40320*b^3*d^2*e*f^3
      +60480*b^3*d^2*e^2*f^2
      +40320*b^3*d^2*e^3*f
      +10080*b^3*d^2*e^4
      +13440*b^3*d^3*f^3
      +40320*b^3*d^3*e*f^2
      +40320*b^3*d^3*e^2*f
      +13440*b^3*d^3*e^3
      +10080*b^3*d^4*f^2
      +20160*b^3*d^4*e*f
      +10080*b^3*d^4*e^2
      +4032*b^3*d^5*f
      +4032*b^3*d^5*e
      +672*b^3*d^6
      +12096*b^3*c*f^5
      +60480*b^3*c*e*f^4
      +120960*b^3*c*e^2*f^3
      +120960*b^3*c*e^3*f^2
      +60480*b^3*c*e^4*f
      +12096*b^3*c*e^5
      +60480*b^3*c*d*f^4
      +241920*b^3*c*d*e*f^3
      +362880*b^3*c*d*e^2*f^2
      +241920*b^3*c*d*e^3*f
      +60480*b^3*c*d*e^4
      +120960*b^3*c*d^2*f^3
      +362880*b^3*c*d^2*e*f^2
      +362880*b^3*c*d^2*e^2*f
      +120960*b^3*c*d^2*e^3
      +120960*b^3*c*d^3*f^2
      +241920*b^3*c*d^3*e*f
      +120960*b^3*c*d^3*e^2
      +60480*b^3*c*d^4*f
      +60480*b^3*c*d^4*e
      +12096*b^3*c*d^5
      +90720*b^3*c^2*f^4
      +362880*b^3*c^2*e*f^3
      +544320*b^3*c^2*e^2*f^2
      +362880*b^3*c^2*e^3*f
      +90720*b^3*c^2*e^4
      +362880*b^3*c^2*d*f^3
      +1088640*b^3*c^2*d*e*f^2
      +1088640*b^3*c^2*d*e^2*f
      +362880*b^3*c^2*d*e^3
      +544320*b^3*c^2*d^2*f^2
      +1088640*b^3*c^2*d^2*e*f
      +544320*b^3*c^2*d^2*e^2
      +362880*b^3*c^2*d^3*f
      +362880*b^3*c^2*d^3*e
      +90720*b^3*c^2*d^4
      +362880*b^3*c^3*f^3
      +1088640*b^3*c^3*e*f^2
      +1088640*b^3*c^3*e^2*f
      +362880*b^3*c^3*e^3
      +1088640*b^3*c^3*d*f^2
      +2177280*b^3*c^3*d*e*f
      +1088640*b^3*c^3*d*e^2
      +1088640*b^3*c^3*d^2*f
      +1088640*b^3*c^3*d^2*e
      +362880*b^3*c^3*d^3
      +816480*b^3*c^4*f^2
      +1632960*b^3*c^4*e*f
      +816480*b^3*c^4*e^2
      +1632960*b^3*c^4*d*f
      +1632960*b^3*c^4*d*e
      +816480*b^3*c^4*d^2
      +979776*b^3*c^5*f
      +979776*b^3*c^5*e
      +979776*b^3*c^5*d
      +489888*b^3*c^6
      +2016*b^4*f^5
      +10080*b^4*e*f^4
      +20160*b^4*e^2*f^3
      +20160*b^4*e^3*f^2
      +10080*b^4*e^4*f
      +2016*b^4*e^5
      +10080*b^4*d*f^4
      +40320*b^4*d*e*f^3
      +60480*b^4*d*e^2*f^2
      +40320*b^4*d*e^3*f
      +10080*b^4*d*e^4
      +20160*b^4*d^2*f^3
      +60480*b^4*d^2*e*f^2
      +60480*b^4*d^2*e^2*f
      +20160*b^4*d^2*e^3
      +20160*b^4*d^3*f^2
      +40320*b^4*d^3*e*f
      +20160*b^4*d^3*e^2
      +10080*b^4*d^4*f
      +10080*b^4*d^4*e
      +2016*b^4*d^5
      +30240*b^4*c*f^4
      +120960*b^4*c*e*f^3
      +181440*b^4*c*e^2*f^2
      +120960*b^4*c*e^3*f
      +30240*b^4*c*e^4
      +120960*b^4*c*d*f^3
      +362880*b^4*c*d*e*f^2
      +362880*b^4*c*d*e^2*f
      +120960*b^4*c*d*e^3
      +181440*b^4*c*d^2*f^2
      +362880*b^4*c*d^2*e*f
      +181440*b^4*c*d^2*e^2
      +120960*b^4*c*d^3*f
      +120960*b^4*c*d^3*e
      +30240*b^4*c*d^4
      +181440*b^4*c^2*f^3
      +544320*b^4*c^2*e*f^2
      +544320*b^4*c^2*e^2*f
      +181440*b^4*c^2*e^3
      +544320*b^4*c^2*d*f^2
      +1088640*b^4*c^2*d*e*f
      +544320*b^4*c^2*d*e^2
      +544320*b^4*c^2*d^2*f
      +544320*b^4*c^2*d^2*e
      +181440*b^4*c^2*d^3
      +544320*b^4*c^3*f^2
      +1088640*b^4*c^3*e*f
      +544320*b^4*c^3*e^2
      +1088640*b^4*c^3*d*f
      +1088640*b^4*c^3*d*e
      +544320*b^4*c^3*d^2
      +816480*b^4*c^4*f
      +816480*b^4*c^4*e
      +816480*b^4*c^4*d
      +489888*b^4*c^5
      +4032*b^5*f^4
      +16128*b^5*e*f^3
      +24192*b^5*e^2*f^2
      +16128*b^5*e^3*f
      +4032*b^5*e^4
      +16128*b^5*d*f^3
      +48384*b^5*d*e*f^2
      +48384*b^5*d*e^2*f
      +16128*b^5*d*e^3
      +24192*b^5*d^2*f^2
      +48384*b^5*d^2*e*f
      +24192*b^5*d^2*e^2
      +16128*b^5*d^3*f
      +16128*b^5*d^3*e
      +4032*b^5*d^4
      +48384*b^5*c*f^3
      +145152*b^5*c*e*f^2
      +145152*b^5*c*e^2*f
      +48384*b^5*c*e^3
      +145152*b^5*c*d*f^2
      +290304*b^5*c*d*e*f
      +145152*b^5*c*d*e^2
      +145152*b^5*c*d^2*f
      +145152*b^5*c*d^2*e
      +48384*b^5*c*d^3
      +217728*b^5*c^2*f^2
      +435456*b^5*c^2*e*f
      +217728*b^5*c^2*e^2
      +435456*b^5*c^2*d*f
      +435456*b^5*c^2*d*e
      +217728*b^5*c^2*d^2
      +435456*b^5*c^3*f
      +435456*b^5*c^3*e
      +435456*b^5*c^3*d
      +326592*b^5*c^4
      +5376*b^6*f^3
      +16128*b^6*e*f^2
      +16128*b^6*e^2*f
      +5376*b^6*e^3
      +16128*b^6*d*f^2
      +32256*b^6*d*e*f
      +16128*b^6*d*e^2
      +16128*b^6*d^2*f
      +16128*b^6*d^2*e
      +5376*b^6*d^3
      +48384*b^6*c*f^2
      +96768*b^6*c*e*f
      +48384*b^6*c*e^2
      +96768*b^6*c*d*f
      +96768*b^6*c*d*e
      +48384*b^6*c*d^2
      +145152*b^6*c^2*f
      +145152*b^6*c^2*e
      +145152*b^6*c^2*d
      +145152*b^6*c^3
      +4608*b^7*f^2
      +9216*b^7*e*f
      +4608*b^7*e^2
      +9216*b^7*d*f
      +9216*b^7*d*e
      +4608*b^7*d^2
      +27648*b^7*c*f
      +27648*b^7*c*e
      +27648*b^7*c*d
      +41472*b^7*c^2
      +2304*b^8*f
      +2304*b^8*e
      +2304*b^8*d
      +6912*b^8*c
      +512*b^9
      +9*a*f^8
      +72*a*e*f^7
      +252*a*e^2*f^6
      +504*a*e^3*f^5
      +630*a*e^4*f^4
      +504*a*e^5*f^3
      +252*a*e^6*f^2
      +72*a*e^7*f
      +9*a*e^8
      +72*a*d*f^7
      +504*a*d*e*f^6
      +1512*a*d*e^2*f^5
      +2520*a*d*e^3*f^4
      +2520*a*d*e^4*f^3
      +1512*a*d*e^5*f^2
      +504*a*d*e^6*f
      +72*a*d*e^7
      +252*a*d^2*f^6
      +1512*a*d^2*e*f^5
      +3780*a*d^2*e^2*f^4
      +5040*a*d^2*e^3*f^3
      +3780*a*d^2*e^4*f^2
      +1512*a*d^2*e^5*f
      +252*a*d^2*e^6
      +504*a*d^3*f^5
      +2520*a*d^3*e*f^4
      +5040*a*d^3*e^2*f^3
      +5040*a*d^3*e^3*f^2
      +2520*a*d^3*e^4*f
      +504*a*d^3*e^5
      +630*a*d^4*f^4
      +2520*a*d^4*e*f^3
      +3780*a*d^4*e^2*f^2
      +2520*a*d^4*e^3*f
      +630*a*d^4*e^4
      +504*a*d^5*f^3
      +1512*a*d^5*e*f^2
      +1512*a*d^5*e^2*f
      +504*a*d^5*e^3
      +252*a*d^6*f^2
      +504*a*d^6*e*f
      +252*a*d^6*e^2
      +72*a*d^7*f
      +72*a*d^7*e
      +9*a*d^8
      +216*a*c*f^7
      +1512*a*c*e*f^6
      +4536*a*c*e^2*f^5
      +7560*a*c*e^3*f^4
      +7560*a*c*e^4*f^3
      +4536*a*c*e^5*f^2
      +1512*a*c*e^6*f
      +216*a*c*e^7
      +1512*a*c*d*f^6
      +9072*a*c*d*e*f^5
      +22680*a*c*d*e^2*f^4
      +30240*a*c*d*e^3*f^3
      +22680*a*c*d*e^4*f^2
      +9072*a*c*d*e^5*f
      +1512*a*c*d*e^6
      +4536*a*c*d^2*f^5
      +22680*a*c*d^2*e*f^4
      +45360*a*c*d^2*e^2*f^3
      +45360*a*c*d^2*e^3*f^2
      +22680*a*c*d^2*e^4*f
      +4536*a*c*d^2*e^5
      +7560*a*c*d^3*f^4
      +30240*a*c*d^3*e*f^3
      +45360*a*c*d^3*e^2*f^2
      +30240*a*c*d^3*e^3*f
      +7560*a*c*d^3*e^4
      +7560*a*c*d^4*f^3
      +22680*a*c*d^4*e*f^2
      +22680*a*c*d^4*e^2*f
      +7560*a*c*d^4*e^3
      +4536*a*c*d^5*f^2
      +9072*a*c*d^5*e*f
      +4536*a*c*d^5*e^2
      +1512*a*c*d^6*f
      +1512*a*c*d^6*e
      +216*a*c*d^7
      +2268*a*c^2*f^6
      +13608*a*c^2*e*f^5
      +34020*a*c^2*e^2*f^4
      +45360*a*c^2*e^3*f^3
      +34020*a*c^2*e^4*f^2
      +13608*a*c^2*e^5*f
      +2268*a*c^2*e^6
      +13608*a*c^2*d*f^5
      +68040*a*c^2*d*e*f^4
      +136080*a*c^2*d*e^2*f^3
      +136080*a*c^2*d*e^3*f^2
      +68040*a*c^2*d*e^4*f
      +13608*a*c^2*d*e^5
      +34020*a*c^2*d^2*f^4
      +136080*a*c^2*d^2*e*f^3
      +204120*a*c^2*d^2*e^2*f^2
      +136080*a*c^2*d^2*e^3*f
      +34020*a*c^2*d^2*e^4
      +45360*a*c^2*d^3*f^3
      +136080*a*c^2*d^3*e*f^2
      +136080*a*c^2*d^3*e^2*f
      +45360*a*c^2*d^3*e^3
      +34020*a*c^2*d^4*f^2
      +68040*a*c^2*d^4*e*f
      +34020*a*c^2*d^4*e^2
      +13608*a*c^2*d^5*f
      +13608*a*c^2*d^5*e
      +2268*a*c^2*d^6
      +13608*a*c^3*f^5
      +68040*a*c^3*e*f^4
      +136080*a*c^3*e^2*f^3
      +136080*a*c^3*e^3*f^2
      +68040*a*c^3*e^4*f
      +13608*a*c^3*e^5
      +68040*a*c^3*d*f^4
      +272160*a*c^3*d*e*f^3
      +408240*a*c^3*d*e^2*f^2
      +272160*a*c^3*d*e^3*f
      +68040*a*c^3*d*e^4
      +136080*a*c^3*d^2*f^3
      +408240*a*c^3*d^2*e*f^2
      +408240*a*c^3*d^2*e^2*f
      +136080*a*c^3*d^2*e^3
      +136080*a*c^3*d^3*f^2
      +272160*a*c^3*d^3*e*f
      +136080*a*c^3*d^3*e^2
      +68040*a*c^3*d^4*f
      +68040*a*c^3*d^4*e
      +13608*a*c^3*d^5
      +51030*a*c^4*f^4
      +204120*a*c^4*e*f^3
      +306180*a*c^4*e^2*f^2
      +204120*a*c^4*e^3*f
      +51030*a*c^4*e^4
      +204120*a*c^4*d*f^3
      +612360*a*c^4*d*e*f^2
      +612360*a*c^4*d*e^2*f
      +204120*a*c^4*d*e^3
      +306180*a*c^4*d^2*f^2
      +612360*a*c^4*d^2*e*f
      +306180*a*c^4*d^2*e^2
      +204120*a*c^4*d^3*f
      +204120*a*c^4*d^3*e
      +51030*a*c^4*d^4
      +122472*a*c^5*f^3
      +367416*a*c^5*e*f^2
      +367416*a*c^5*e^2*f
      +122472*a*c^5*e^3
      +367416*a*c^5*d*f^2
      +734832*a*c^5*d*e*f
      +367416*a*c^5*d*e^2
      +367416*a*c^5*d^2*f
      +367416*a*c^5*d^2*e
      +122472*a*c^5*d^3
      +183708*a*c^6*f^2
      +367416*a*c^6*e*f
      +183708*a*c^6*e^2
      +367416*a*c^6*d*f
      +367416*a*c^6*d*e
      +183708*a*c^6*d^2
      +157464*a*c^7*f
      +157464*a*c^7*e
      +157464*a*c^7*d
      +59049*a*c^8
      +144*a*b*f^7
      +1008*a*b*e*f^6
      +3024*a*b*e^2*f^5
      +5040*a*b*e^3*f^4
      +5040*a*b*e^4*f^3
      +3024*a*b*e^5*f^2
      +1008*a*b*e^6*f
      +144*a*b*e^7
      +1008*a*b*d*f^6
      +6048*a*b*d*e*f^5
      +15120*a*b*d*e^2*f^4
      +20160*a*b*d*e^3*f^3
      +15120*a*b*d*e^4*f^2
      +6048*a*b*d*e^5*f
      +1008*a*b*d*e^6
      +3024*a*b*d^2*f^5
      +15120*a*b*d^2*e*f^4
      +30240*a*b*d^2*e^2*f^3
      +30240*a*b*d^2*e^3*f^2
      +15120*a*b*d^2*e^4*f
      +3024*a*b*d^2*e^5
      +5040*a*b*d^3*f^4
      +20160*a*b*d^3*e*f^3
      +30240*a*b*d^3*e^2*f^2
      +20160*a*b*d^3*e^3*f
      +5040*a*b*d^3*e^4
      +5040*a*b*d^4*f^3
      +15120*a*b*d^4*e*f^2
      +15120*a*b*d^4*e^2*f
      +5040*a*b*d^4*e^3
      +3024*a*b*d^5*f^2
      +6048*a*b*d^5*e*f
      +3024*a*b*d^5*e^2
      +1008*a*b*d^6*f
      +1008*a*b*d^6*e
      +144*a*b*d^7
      +3024*a*b*c*f^6
      +18144*a*b*c*e*f^5
      +45360*a*b*c*e^2*f^4
      +60480*a*b*c*e^3*f^3
      +45360*a*b*c*e^4*f^2
      +18144*a*b*c*e^5*f
      +3024*a*b*c*e^6
      +18144*a*b*c*d*f^5
      +90720*a*b*c*d*e*f^4
      +181440*a*b*c*d*e^2*f^3
      +181440*a*b*c*d*e^3*f^2
      +90720*a*b*c*d*e^4*f
      +18144*a*b*c*d*e^5
      +45360*a*b*c*d^2*f^4
      +181440*a*b*c*d^2*e*f^3
      +272160*a*b*c*d^2*e^2*f^2
      +181440*a*b*c*d^2*e^3*f
      +45360*a*b*c*d^2*e^4
      +60480*a*b*c*d^3*f^3
      +181440*a*b*c*d^3*e*f^2
      +181440*a*b*c*d^3*e^2*f
      +60480*a*b*c*d^3*e^3
      +45360*a*b*c*d^4*f^2
      +90720*a*b*c*d^4*e*f
      +45360*a*b*c*d^4*e^2
      +18144*a*b*c*d^5*f
      +18144*a*b*c*d^5*e
      +3024*a*b*c*d^6
      +27216*a*b*c^2*f^5
      +136080*a*b*c^2*e*f^4
      +272160*a*b*c^2*e^2*f^3
      +272160*a*b*c^2*e^3*f^2
      +136080*a*b*c^2*e^4*f
      +27216*a*b*c^2*e^5
      +136080*a*b*c^2*d*f^4
      +544320*a*b*c^2*d*e*f^3
      +816480*a*b*c^2*d*e^2*f^2
      +544320*a*b*c^2*d*e^3*f
      +136080*a*b*c^2*d*e^4
      +272160*a*b*c^2*d^2*f^3
      +816480*a*b*c^2*d^2*e*f^2
      +816480*a*b*c^2*d^2*e^2*f
      +272160*a*b*c^2*d^2*e^3
      +272160*a*b*c^2*d^3*f^2
      +544320*a*b*c^2*d^3*e*f
      +272160*a*b*c^2*d^3*e^2
      +136080*a*b*c^2*d^4*f
      +136080*a*b*c^2*d^4*e
      +27216*a*b*c^2*d^5
      +136080*a*b*c^3*f^4
      +544320*a*b*c^3*e*f^3
      +816480*a*b*c^3*e^2*f^2
      +544320*a*b*c^3*e^3*f
      +136080*a*b*c^3*e^4
      +544320*a*b*c^3*d*f^3
      +1632960*a*b*c^3*d*e*f^2
      +1632960*a*b*c^3*d*e^2*f
      +544320*a*b*c^3*d*e^3
      +816480*a*b*c^3*d^2*f^2
      +1632960*a*b*c^3*d^2*e*f
      +816480*a*b*c^3*d^2*e^2
      +544320*a*b*c^3*d^3*f
      +544320*a*b*c^3*d^3*e
      +136080*a*b*c^3*d^4
      +408240*a*b*c^4*f^3
      +1224720*a*b*c^4*e*f^2
      +1224720*a*b*c^4*e^2*f
      +408240*a*b*c^4*e^3
      +1224720*a*b*c^4*d*f^2
      +2449440*a*b*c^4*d*e*f
      +1224720*a*b*c^4*d*e^2
      +1224720*a*b*c^4*d^2*f
      +1224720*a*b*c^4*d^2*e
      +408240*a*b*c^4*d^3
      +734832*a*b*c^5*f^2
      +1469664*a*b*c^5*e*f
      +734832*a*b*c^5*e^2
      +1469664*a*b*c^5*d*f
      +1469664*a*b*c^5*d*e
      +734832*a*b*c^5*d^2
      +734832*a*b*c^6*f
      +734832*a*b*c^6*e
      +734832*a*b*c^6*d
      +314928*a*b*c^7
      +1008*a*b^2*f^6
      +6048*a*b^2*e*f^5
      +15120*a*b^2*e^2*f^4
      +20160*a*b^2*e^3*f^3
      +15120*a*b^2*e^4*f^2
      +6048*a*b^2*e^5*f
      +1008*a*b^2*e^6
      +6048*a*b^2*d*f^5
      +30240*a*b^2*d*e*f^4
      +60480*a*b^2*d*e^2*f^3
      +60480*a*b^2*d*e^3*f^2
      +30240*a*b^2*d*e^4*f
      +6048*a*b^2*d*e^5
      +15120*a*b^2*d^2*f^4
      +60480*a*b^2*d^2*e*f^3
      +90720*a*b^2*d^2*e^2*f^2
      +60480*a*b^2*d^2*e^3*f
      +15120*a*b^2*d^2*e^4
      +20160*a*b^2*d^3*f^3
      +60480*a*b^2*d^3*e*f^2
      +60480*a*b^2*d^3*e^2*f
      +20160*a*b^2*d^3*e^3
      +15120*a*b^2*d^4*f^2
      +30240*a*b^2*d^4*e*f
      +15120*a*b^2*d^4*e^2
      +6048*a*b^2*d^5*f
      +6048*a*b^2*d^5*e
      +1008*a*b^2*d^6
      +18144*a*b^2*c*f^5
      +90720*a*b^2*c*e*f^4
      +181440*a*b^2*c*e^2*f^3
      +181440*a*b^2*c*e^3*f^2
      +90720*a*b^2*c*e^4*f
      +18144*a*b^2*c*e^5
      +90720*a*b^2*c*d*f^4
      +362880*a*b^2*c*d*e*f^3
      +544320*a*b^2*c*d*e^2*f^2
      +362880*a*b^2*c*d*e^3*f
      +90720*a*b^2*c*d*e^4
      +181440*a*b^2*c*d^2*f^3
      +544320*a*b^2*c*d^2*e*f^2
      +544320*a*b^2*c*d^2*e^2*f
      +181440*a*b^2*c*d^2*e^3
      +181440*a*b^2*c*d^3*f^2
      +362880*a*b^2*c*d^3*e*f
      +181440*a*b^2*c*d^3*e^2
      +90720*a*b^2*c*d^4*f
      +90720*a*b^2*c*d^4*e
      +18144*a*b^2*c*d^5
      +136080*a*b^2*c^2*f^4
      +544320*a*b^2*c^2*e*f^3
      +816480*a*b^2*c^2*e^2*f^2
      +544320*a*b^2*c^2*e^3*f
      +136080*a*b^2*c^2*e^4
      +544320*a*b^2*c^2*d*f^3
      +1632960*a*b^2*c^2*d*e*f^2
      +1632960*a*b^2*c^2*d*e^2*f
      +544320*a*b^2*c^2*d*e^3
      +816480*a*b^2*c^2*d^2*f^2
      +1632960*a*b^2*c^2*d^2*e*f
      +816480*a*b^2*c^2*d^2*e^2
      +544320*a*b^2*c^2*d^3*f
      +544320*a*b^2*c^2*d^3*e
      +136080*a*b^2*c^2*d^4
      +544320*a*b^2*c^3*f^3
      +1632960*a*b^2*c^3*e*f^2
      +1632960*a*b^2*c^3*e^2*f
      +544320*a*b^2*c^3*e^3
      +1632960*a*b^2*c^3*d*f^2
      +3265920*a*b^2*c^3*d*e*f
      +1632960*a*b^2*c^3*d*e^2
      +1632960*a*b^2*c^3*d^2*f
      +1632960*a*b^2*c^3*d^2*e
      +544320*a*b^2*c^3*d^3
      +1224720*a*b^2*c^4*f^2
      +2449440*a*b^2*c^4*e*f
      +1224720*a*b^2*c^4*e^2
      +2449440*a*b^2*c^4*d*f
      +2449440*a*b^2*c^4*d*e
      +1224720*a*b^2*c^4*d^2
      +1469664*a*b^2*c^5*f
      +1469664*a*b^2*c^5*e
      +1469664*a*b^2*c^5*d
      +734832*a*b^2*c^6
      +4032*a*b^3*f^5
      +20160*a*b^3*e*f^4
      +40320*a*b^3*e^2*f^3
      +40320*a*b^3*e^3*f^2
      +20160*a*b^3*e^4*f
      +4032*a*b^3*e^5
      +20160*a*b^3*d*f^4
      +80640*a*b^3*d*e*f^3
      +120960*a*b^3*d*e^2*f^2
      +80640*a*b^3*d*e^3*f
      +20160*a*b^3*d*e^4
      +40320*a*b^3*d^2*f^3
      +120960*a*b^3*d^2*e*f^2
      +120960*a*b^3*d^2*e^2*f
      +40320*a*b^3*d^2*e^3
      +40320*a*b^3*d^3*f^2
      +80640*a*b^3*d^3*e*f
      +40320*a*b^3*d^3*e^2
      +20160*a*b^3*d^4*f
      +20160*a*b^3*d^4*e
      +4032*a*b^3*d^5
      +60480*a*b^3*c*f^4
      +241920*a*b^3*c*e*f^3
      +362880*a*b^3*c*e^2*f^2
      +241920*a*b^3*c*e^3*f
      +60480*a*b^3*c*e^4
      +241920*a*b^3*c*d*f^3
      +725760*a*b^3*c*d*e*f^2
      +725760*a*b^3*c*d*e^2*f
      +241920*a*b^3*c*d*e^3
      +362880*a*b^3*c*d^2*f^2
      +725760*a*b^3*c*d^2*e*f
      +362880*a*b^3*c*d^2*e^2
      +241920*a*b^3*c*d^3*f
      +241920*a*b^3*c*d^3*e
      +60480*a*b^3*c*d^4
      +362880*a*b^3*c^2*f^3
      +1088640*a*b^3*c^2*e*f^2
      +1088640*a*b^3*c^2*e^2*f
      +362880*a*b^3*c^2*e^3
      +1088640*a*b^3*c^2*d*f^2
      +2177280*a*b^3*c^2*d*e*f
      +1088640*a*b^3*c^2*d*e^2
      +1088640*a*b^3*c^2*d^2*f
      +1088640*a*b^3*c^2*d^2*e
      +362880*a*b^3*c^2*d^3
      +1088640*a*b^3*c^3*f^2
      +2177280*a*b^3*c^3*e*f
      +1088640*a*b^3*c^3*e^2
      +2177280*a*b^3*c^3*d*f
      +2177280*a*b^3*c^3*d*e
      +1088640*a*b^3*c^3*d^2
      +1632960*a*b^3*c^4*f
      +1632960*a*b^3*c^4*e
      +1632960*a*b^3*c^4*d
      +979776*a*b^3*c^5
      +10080*a*b^4*f^4
      +40320*a*b^4*e*f^3
      +60480*a*b^4*e^2*f^2
      +40320*a*b^4*e^3*f
      +10080*a*b^4*e^4
      +40320*a*b^4*d*f^3
      +120960*a*b^4*d*e*f^2
      +120960*a*b^4*d*e^2*f
      +40320*a*b^4*d*e^3
      +60480*a*b^4*d^2*f^2
      +120960*a*b^4*d^2*e*f
      +60480*a*b^4*d^2*e^2
      +40320*a*b^4*d^3*f
      +40320*a*b^4*d^3*e
      +10080*a*b^4*d^4
      +120960*a*b^4*c*f^3
      +362880*a*b^4*c*e*f^2
      +362880*a*b^4*c*e^2*f
      +120960*a*b^4*c*e^3
      +362880*a*b^4*c*d*f^2
      +725760*a*b^4*c*d*e*f
      +362880*a*b^4*c*d*e^2
      +362880*a*b^4*c*d^2*f
      +362880*a*b^4*c*d^2*e
      +120960*a*b^4*c*d^3
      +544320*a*b^4*c^2*f^2
      +1088640*a*b^4*c^2*e*f
      +544320*a*b^4*c^2*e^2
      +1088640*a*b^4*c^2*d*f
      +1088640*a*b^4*c^2*d*e
      +544320*a*b^4*c^2*d^2
      +1088640*a*b^4*c^3*f
      +1088640*a*b^4*c^3*e
      +1088640*a*b^4*c^3*d
      +816480*a*b^4*c^4
      +16128*a*b^5*f^3
      +48384*a*b^5*e*f^2
      +48384*a*b^5*e^2*f
      +16128*a*b^5*e^3
      +48384*a*b^5*d*f^2
      +96768*a*b^5*d*e*f
      +48384*a*b^5*d*e^2
      +48384*a*b^5*d^2*f
      +48384*a*b^5*d^2*e
      +16128*a*b^5*d^3
      +145152*a*b^5*c*f^2
      +290304*a*b^5*c*e*f
      +145152*a*b^5*c*e^2
      +290304*a*b^5*c*d*f
      +290304*a*b^5*c*d*e
      +145152*a*b^5*c*d^2
      +435456*a*b^5*c^2*f
      +435456*a*b^5*c^2*e
      +435456*a*b^5*c^2*d
      +435456*a*b^5*c^3
      +16128*a*b^6*f^2
      +32256*a*b^6*e*f
      +16128*a*b^6*e^2
      +32256*a*b^6*d*f
      +32256*a*b^6*d*e
      +16128*a*b^6*d^2
      +96768*a*b^6*c*f
      +96768*a*b^6*c*e
      +96768*a*b^6*c*d
      +145152*a*b^6*c^2
      +9216*a*b^7*f
      +9216*a*b^7*e
      +9216*a*b^7*d
      +27648*a*b^7*c
      +2304*a*b^8
      +36*a^2*f^7
      +252*a^2*e*f^6
      +756*a^2*e^2*f^5
      +1260*a^2*e^3*f^4
      +1260*a^2*e^4*f^3
      +756*a^2*e^5*f^2
      +252*a^2*e^6*f
      +36*a^2*e^7
      +252*a^2*d*f^6
      +1512*a^2*d*e*f^5
      +3780*a^2*d*e^2*f^4
      +5040*a^2*d*e^3*f^3
      +3780*a^2*d*e^4*f^2
      +1512*a^2*d*e^5*f
      +252*a^2*d*e^6
      +756*a^2*d^2*f^5
      +3780*a^2*d^2*e*f^4
      +7560*a^2*d^2*e^2*f^3
      +7560*a^2*d^2*e^3*f^2
      +3780*a^2*d^2*e^4*f
      +756*a^2*d^2*e^5
      +1260*a^2*d^3*f^4
      +5040*a^2*d^3*e*f^3
      +7560*a^2*d^3*e^2*f^2
      +5040*a^2*d^3*e^3*f
      +1260*a^2*d^3*e^4
      +1260*a^2*d^4*f^3
      +3780*a^2*d^4*e*f^2
      +3780*a^2*d^4*e^2*f
      +1260*a^2*d^4*e^3
      +756*a^2*d^5*f^2
      +1512*a^2*d^5*e*f
      +756*a^2*d^5*e^2
      +252*a^2*d^6*f
      +252*a^2*d^6*e
      +36*a^2*d^7
      +756*a^2*c*f^6
      +4536*a^2*c*e*f^5
      +11340*a^2*c*e^2*f^4
      +15120*a^2*c*e^3*f^3
      +11340*a^2*c*e^4*f^2
      +4536*a^2*c*e^5*f
      +756*a^2*c*e^6
      +4536*a^2*c*d*f^5
      +22680*a^2*c*d*e*f^4
      +45360*a^2*c*d*e^2*f^3
      +45360*a^2*c*d*e^3*f^2
      +22680*a^2*c*d*e^4*f
      +4536*a^2*c*d*e^5
      +11340*a^2*c*d^2*f^4
      +45360*a^2*c*d^2*e*f^3
      +68040*a^2*c*d^2*e^2*f^2
      +45360*a^2*c*d^2*e^3*f
      +11340*a^2*c*d^2*e^4
      +15120*a^2*c*d^3*f^3
      +45360*a^2*c*d^3*e*f^2
      +45360*a^2*c*d^3*e^2*f
      +15120*a^2*c*d^3*e^3
      +11340*a^2*c*d^4*f^2
      +22680*a^2*c*d^4*e*f
      +11340*a^2*c*d^4*e^2
      +4536*a^2*c*d^5*f
      +4536*a^2*c*d^5*e
      +756*a^2*c*d^6
      +6804*a^2*c^2*f^5
      +34020*a^2*c^2*e*f^4
      +68040*a^2*c^2*e^2*f^3
      +68040*a^2*c^2*e^3*f^2
      +34020*a^2*c^2*e^4*f
      +6804*a^2*c^2*e^5
      +34020*a^2*c^2*d*f^4
      +136080*a^2*c^2*d*e*f^3
      +204120*a^2*c^2*d*e^2*f^2
      +136080*a^2*c^2*d*e^3*f
      +34020*a^2*c^2*d*e^4
      +68040*a^2*c^2*d^2*f^3
      +204120*a^2*c^2*d^2*e*f^2
      +204120*a^2*c^2*d^2*e^2*f
      +68040*a^2*c^2*d^2*e^3
      +68040*a^2*c^2*d^3*f^2
      +136080*a^2*c^2*d^3*e*f
      +68040*a^2*c^2*d^3*e^2
      +34020*a^2*c^2*d^4*f
      +34020*a^2*c^2*d^4*e
      +6804*a^2*c^2*d^5
      +34020*a^2*c^3*f^4
      +136080*a^2*c^3*e*f^3
      +204120*a^2*c^3*e^2*f^2
      +136080*a^2*c^3*e^3*f
      +34020*a^2*c^3*e^4
      +136080*a^2*c^3*d*f^3
      +408240*a^2*c^3*d*e*f^2
      +408240*a^2*c^3*d*e^2*f
      +136080*a^2*c^3*d*e^3
      +204120*a^2*c^3*d^2*f^2
      +408240*a^2*c^3*d^2*e*f
      +204120*a^2*c^3*d^2*e^2
      +136080*a^2*c^3*d^3*f
      +136080*a^2*c^3*d^3*e
      +34020*a^2*c^3*d^4
      +102060*a^2*c^4*f^3
      +306180*a^2*c^4*e*f^2
      +306180*a^2*c^4*e^2*f
      +102060*a^2*c^4*e^3
      +306180*a^2*c^4*d*f^2
      +612360*a^2*c^4*d*e*f
      +306180*a^2*c^4*d*e^2
      +306180*a^2*c^4*d^2*f
      +306180*a^2*c^4*d^2*e
      +102060*a^2*c^4*d^3
      +183708*a^2*c^5*f^2
      +367416*a^2*c^5*e*f
      +183708*a^2*c^5*e^2
      +367416*a^2*c^5*d*f
      +367416*a^2*c^5*d*e
      +183708*a^2*c^5*d^2
      +183708*a^2*c^6*f
      +183708*a^2*c^6*e
      +183708*a^2*c^6*d
      +78732*a^2*c^7
      +504*a^2*b*f^6
      +3024*a^2*b*e*f^5
      +7560*a^2*b*e^2*f^4
      +10080*a^2*b*e^3*f^3
      +7560*a^2*b*e^4*f^2
      +3024*a^2*b*e^5*f
      +504*a^2*b*e^6
      +3024*a^2*b*d*f^5
      +15120*a^2*b*d*e*f^4
      +30240*a^2*b*d*e^2*f^3
      +30240*a^2*b*d*e^3*f^2
      +15120*a^2*b*d*e^4*f
      +3024*a^2*b*d*e^5
      +7560*a^2*b*d^2*f^4
      +30240*a^2*b*d^2*e*f^3
      +45360*a^2*b*d^2*e^2*f^2
      +30240*a^2*b*d^2*e^3*f
      +7560*a^2*b*d^2*e^4
      +10080*a^2*b*d^3*f^3
      +30240*a^2*b*d^3*e*f^2
      +30240*a^2*b*d^3*e^2*f
      +10080*a^2*b*d^3*e^3
      +7560*a^2*b*d^4*f^2
      +15120*a^2*b*d^4*e*f
      +7560*a^2*b*d^4*e^2
      +3024*a^2*b*d^5*f
      +3024*a^2*b*d^5*e
      +504*a^2*b*d^6
      +9072*a^2*b*c*f^5
      +45360*a^2*b*c*e*f^4
      +90720*a^2*b*c*e^2*f^3
      +90720*a^2*b*c*e^3*f^2
      +45360*a^2*b*c*e^4*f
      +9072*a^2*b*c*e^5
      +45360*a^2*b*c*d*f^4
      +181440*a^2*b*c*d*e*f^3
      +272160*a^2*b*c*d*e^2*f^2
      +181440*a^2*b*c*d*e^3*f
      +45360*a^2*b*c*d*e^4
      +90720*a^2*b*c*d^2*f^3
      +272160*a^2*b*c*d^2*e*f^2
      +272160*a^2*b*c*d^2*e^2*f
      +90720*a^2*b*c*d^2*e^3
      +90720*a^2*b*c*d^3*f^2
      +181440*a^2*b*c*d^3*e*f
      +90720*a^2*b*c*d^3*e^2
      +45360*a^2*b*c*d^4*f
      +45360*a^2*b*c*d^4*e
      +9072*a^2*b*c*d^5
      +68040*a^2*b*c^2*f^4
      +272160*a^2*b*c^2*e*f^3
      +408240*a^2*b*c^2*e^2*f^2
      +272160*a^2*b*c^2*e^3*f
      +68040*a^2*b*c^2*e^4
      +272160*a^2*b*c^2*d*f^3
      +816480*a^2*b*c^2*d*e*f^2
      +816480*a^2*b*c^2*d*e^2*f
      +272160*a^2*b*c^2*d*e^3
      +408240*a^2*b*c^2*d^2*f^2
      +816480*a^2*b*c^2*d^2*e*f
      +408240*a^2*b*c^2*d^2*e^2
      +272160*a^2*b*c^2*d^3*f
      +272160*a^2*b*c^2*d^3*e
      +68040*a^2*b*c^2*d^4
      +272160*a^2*b*c^3*f^3
      +816480*a^2*b*c^3*e*f^2
      +816480*a^2*b*c^3*e^2*f
      +272160*a^2*b*c^3*e^3
      +816480*a^2*b*c^3*d*f^2
      +1632960*a^2*b*c^3*d*e*f
      +816480*a^2*b*c^3*d*e^2
      +816480*a^2*b*c^3*d^2*f
      +816480*a^2*b*c^3*d^2*e
      +272160*a^2*b*c^3*d^3
      +612360*a^2*b*c^4*f^2
      +1224720*a^2*b*c^4*e*f
      +612360*a^2*b*c^4*e^2
      +1224720*a^2*b*c^4*d*f
      +1224720*a^2*b*c^4*d*e
      +612360*a^2*b*c^4*d^2
      +734832*a^2*b*c^5*f
      +734832*a^2*b*c^5*e
      +734832*a^2*b*c^5*d
      +367416*a^2*b*c^6
      +3024*a^2*b^2*f^5
      +15120*a^2*b^2*e*f^4
      +30240*a^2*b^2*e^2*f^3
      +30240*a^2*b^2*e^3*f^2
      +15120*a^2*b^2*e^4*f
      +3024*a^2*b^2*e^5
      +15120*a^2*b^2*d*f^4
      +60480*a^2*b^2*d*e*f^3
      +90720*a^2*b^2*d*e^2*f^2
      +60480*a^2*b^2*d*e^3*f
      +15120*a^2*b^2*d*e^4
      +30240*a^2*b^2*d^2*f^3
      +90720*a^2*b^2*d^2*e*f^2
      +90720*a^2*b^2*d^2*e^2*f
      +30240*a^2*b^2*d^2*e^3
      +30240*a^2*b^2*d^3*f^2
      +60480*a^2*b^2*d^3*e*f
      +30240*a^2*b^2*d^3*e^2
      +15120*a^2*b^2*d^4*f
      +15120*a^2*b^2*d^4*e
      +3024*a^2*b^2*d^5
      +45360*a^2*b^2*c*f^4
      +181440*a^2*b^2*c*e*f^3
      +272160*a^2*b^2*c*e^2*f^2
      +181440*a^2*b^2*c*e^3*f
      +45360*a^2*b^2*c*e^4
      +181440*a^2*b^2*c*d*f^3
      +544320*a^2*b^2*c*d*e*f^2
      +544320*a^2*b^2*c*d*e^2*f
      +181440*a^2*b^2*c*d*e^3
      +272160*a^2*b^2*c*d^2*f^2
      +544320*a^2*b^2*c*d^2*e*f
      +272160*a^2*b^2*c*d^2*e^2
      +181440*a^2*b^2*c*d^3*f
      +181440*a^2*b^2*c*d^3*e
      +45360*a^2*b^2*c*d^4
      +272160*a^2*b^2*c^2*f^3
      +816480*a^2*b^2*c^2*e*f^2
      +816480*a^2*b^2*c^2*e^2*f
      +272160*a^2*b^2*c^2*e^3
      +816480*a^2*b^2*c^2*d*f^2
      +1632960*a^2*b^2*c^2*d*e*f
      +816480*a^2*b^2*c^2*d*e^2
      +816480*a^2*b^2*c^2*d^2*f
      +816480*a^2*b^2*c^2*d^2*e
      +272160*a^2*b^2*c^2*d^3
      +816480*a^2*b^2*c^3*f^2
      +1632960*a^2*b^2*c^3*e*f
      +816480*a^2*b^2*c^3*e^2
      +1632960*a^2*b^2*c^3*d*f
      +1632960*a^2*b^2*c^3*d*e
      +816480*a^2*b^2*c^3*d^2
      +1224720*a^2*b^2*c^4*f
      +1224720*a^2*b^2*c^4*e
      +1224720*a^2*b^2*c^4*d
      +734832*a^2*b^2*c^5
      +10080*a^2*b^3*f^4
      +40320*a^2*b^3*e*f^3
      +60480*a^2*b^3*e^2*f^2
      +40320*a^2*b^3*e^3*f
      +10080*a^2*b^3*e^4
      +40320*a^2*b^3*d*f^3
      +120960*a^2*b^3*d*e*f^2
      +120960*a^2*b^3*d*e^2*f
      +40320*a^2*b^3*d*e^3
      +60480*a^2*b^3*d^2*f^2
      +120960*a^2*b^3*d^2*e*f
      +60480*a^2*b^3*d^2*e^2
      +40320*a^2*b^3*d^3*f
      +40320*a^2*b^3*d^3*e
      +10080*a^2*b^3*d^4
      +120960*a^2*b^3*c*f^3
      +362880*a^2*b^3*c*e*f^2
      +362880*a^2*b^3*c*e^2*f
      +120960*a^2*b^3*c*e^3
      +362880*a^2*b^3*c*d*f^2
      +725760*a^2*b^3*c*d*e*f
      +362880*a^2*b^3*c*d*e^2
      +362880*a^2*b^3*c*d^2*f
      +362880*a^2*b^3*c*d^2*e
      +120960*a^2*b^3*c*d^3
      +544320*a^2*b^3*c^2*f^2
      +1088640*a^2*b^3*c^2*e*f
      +544320*a^2*b^3*c^2*e^2
      +1088640*a^2*b^3*c^2*d*f
      +1088640*a^2*b^3*c^2*d*e
      +544320*a^2*b^3*c^2*d^2
      +1088640*a^2*b^3*c^3*f
      +1088640*a^2*b^3*c^3*e
      +1088640*a^2*b^3*c^3*d
      +816480*a^2*b^3*c^4
      +20160*a^2*b^4*f^3
      +60480*a^2*b^4*e*f^2
      +60480*a^2*b^4*e^2*f
      +20160*a^2*b^4*e^3
      +60480*a^2*b^4*d*f^2
      +120960*a^2*b^4*d*e*f
      +60480*a^2*b^4*d*e^2
      +60480*a^2*b^4*d^2*f
      +60480*a^2*b^4*d^2*e
      +20160*a^2*b^4*d^3
      +181440*a^2*b^4*c*f^2
      +362880*a^2*b^4*c*e*f
      +181440*a^2*b^4*c*e^2
      +362880*a^2*b^4*c*d*f
      +362880*a^2*b^4*c*d*e
      +181440*a^2*b^4*c*d^2
      +544320*a^2*b^4*c^2*f
      +544320*a^2*b^4*c^2*e
      +544320*a^2*b^4*c^2*d
      +544320*a^2*b^4*c^3
      +24192*a^2*b^5*f^2
      +48384*a^2*b^5*e*f
      +24192*a^2*b^5*e^2
      +48384*a^2*b^5*d*f
      +48384*a^2*b^5*d*e
      +24192*a^2*b^5*d^2
      +145152*a^2*b^5*c*f
      +145152*a^2*b^5*c*e
      +145152*a^2*b^5*c*d
      +217728*a^2*b^5*c^2
      +16128*a^2*b^6*f
      +16128*a^2*b^6*e
      +16128*a^2*b^6*d
      +48384*a^2*b^6*c
      +4608*a^2*b^7
      +84*a^3*f^6
      +504*a^3*e*f^5
      +1260*a^3*e^2*f^4
      +1680*a^3*e^3*f^3
      +1260*a^3*e^4*f^2
      +504*a^3*e^5*f
      +84*a^3*e^6
      +504*a^3*d*f^5
      +2520*a^3*d*e*f^4
      +5040*a^3*d*e^2*f^3
      +5040*a^3*d*e^3*f^2
      +2520*a^3*d*e^4*f
      +504*a^3*d*e^5
      +1260*a^3*d^2*f^4
      +5040*a^3*d^2*e*f^3
      +7560*a^3*d^2*e^2*f^2
      +5040*a^3*d^2*e^3*f
      +1260*a^3*d^2*e^4
      +1680*a^3*d^3*f^3
      +5040*a^3*d^3*e*f^2
      +5040*a^3*d^3*e^2*f
      +1680*a^3*d^3*e^3
      +1260*a^3*d^4*f^2
      +2520*a^3*d^4*e*f
      +1260*a^3*d^4*e^2
      +504*a^3*d^5*f
      +504*a^3*d^5*e
      +84*a^3*d^6
      +1512*a^3*c*f^5
      +7560*a^3*c*e*f^4
      +15120*a^3*c*e^2*f^3
      +15120*a^3*c*e^3*f^2
      +7560*a^3*c*e^4*f
      +1512*a^3*c*e^5
      +7560*a^3*c*d*f^4
      +30240*a^3*c*d*e*f^3
      +45360*a^3*c*d*e^2*f^2
      +30240*a^3*c*d*e^3*f
      +7560*a^3*c*d*e^4
      +15120*a^3*c*d^2*f^3
      +45360*a^3*c*d^2*e*f^2
      +45360*a^3*c*d^2*e^2*f
      +15120*a^3*c*d^2*e^3
      +15120*a^3*c*d^3*f^2
      +30240*a^3*c*d^3*e*f
      +15120*a^3*c*d^3*e^2
      +7560*a^3*c*d^4*f
      +7560*a^3*c*d^4*e
      +1512*a^3*c*d^5
      +11340*a^3*c^2*f^4
      +45360*a^3*c^2*e*f^3
      +68040*a^3*c^2*e^2*f^2
      +45360*a^3*c^2*e^3*f
      +11340*a^3*c^2*e^4
      +45360*a^3*c^2*d*f^3
      +136080*a^3*c^2*d*e*f^2
      +136080*a^3*c^2*d*e^2*f
      +45360*a^3*c^2*d*e^3
      +68040*a^3*c^2*d^2*f^2
      +136080*a^3*c^2*d^2*e*f
      +68040*a^3*c^2*d^2*e^2
      +45360*a^3*c^2*d^3*f
      +45360*a^3*c^2*d^3*e
      +11340*a^3*c^2*d^4
      +45360*a^3*c^3*f^3
      +136080*a^3*c^3*e*f^2
      +136080*a^3*c^3*e^2*f
      +45360*a^3*c^3*e^3
      +136080*a^3*c^3*d*f^2
      +272160*a^3*c^3*d*e*f
      +136080*a^3*c^3*d*e^2
      +136080*a^3*c^3*d^2*f
      +136080*a^3*c^3*d^2*e
      +45360*a^3*c^3*d^3
      +102060*a^3*c^4*f^2
      +204120*a^3*c^4*e*f
      +102060*a^3*c^4*e^2
      +204120*a^3*c^4*d*f
      +204120*a^3*c^4*d*e
      +102060*a^3*c^4*d^2
      +122472*a^3*c^5*f
      +122472*a^3*c^5*e
      +122472*a^3*c^5*d
      +61236*a^3*c^6
      +1008*a^3*b*f^5
      +5040*a^3*b*e*f^4
      +10080*a^3*b*e^2*f^3
      +10080*a^3*b*e^3*f^2
      +5040*a^3*b*e^4*f
      +1008*a^3*b*e^5
      +5040*a^3*b*d*f^4
      +20160*a^3*b*d*e*f^3
      +30240*a^3*b*d*e^2*f^2
      +20160*a^3*b*d*e^3*f
      +5040*a^3*b*d*e^4
      +10080*a^3*b*d^2*f^3
      +30240*a^3*b*d^2*e*f^2
      +30240*a^3*b*d^2*e^2*f
      +10080*a^3*b*d^2*e^3
      +10080*a^3*b*d^3*f^2
      +20160*a^3*b*d^3*e*f
      +10080*a^3*b*d^3*e^2
      +5040*a^3*b*d^4*f
      +5040*a^3*b*d^4*e
      +1008*a^3*b*d^5
      +15120*a^3*b*c*f^4
      +60480*a^3*b*c*e*f^3
      +90720*a^3*b*c*e^2*f^2
      +60480*a^3*b*c*e^3*f
      +15120*a^3*b*c*e^4
      +60480*a^3*b*c*d*f^3
      +181440*a^3*b*c*d*e*f^2
      +181440*a^3*b*c*d*e^2*f
      +60480*a^3*b*c*d*e^3
      +90720*a^3*b*c*d^2*f^2
      +181440*a^3*b*c*d^2*e*f
      +90720*a^3*b*c*d^2*e^2
      +60480*a^3*b*c*d^3*f
      +60480*a^3*b*c*d^3*e
      +15120*a^3*b*c*d^4
      +90720*a^3*b*c^2*f^3
      +272160*a^3*b*c^2*e*f^2
      +272160*a^3*b*c^2*e^2*f
      +90720*a^3*b*c^2*e^3
      +272160*a^3*b*c^2*d*f^2
      +544320*a^3*b*c^2*d*e*f
      +272160*a^3*b*c^2*d*e^2
      +272160*a^3*b*c^2*d^2*f
      +272160*a^3*b*c^2*d^2*e
      +90720*a^3*b*c^2*d^3
      +272160*a^3*b*c^3*f^2
      +544320*a^3*b*c^3*e*f
      +272160*a^3*b*c^3*e^2
      +544320*a^3*b*c^3*d*f
      +544320*a^3*b*c^3*d*e
      +272160*a^3*b*c^3*d^2
      +408240*a^3*b*c^4*f
      +408240*a^3*b*c^4*e
      +408240*a^3*b*c^4*d
      +244944*a^3*b*c^5
      +5040*a^3*b^2*f^4
      +20160*a^3*b^2*e*f^3
      +30240*a^3*b^2*e^2*f^2
      +20160*a^3*b^2*e^3*f
      +5040*a^3*b^2*e^4
      +20160*a^3*b^2*d*f^3
      +60480*a^3*b^2*d*e*f^2
      +60480*a^3*b^2*d*e^2*f
      +20160*a^3*b^2*d*e^3
      +30240*a^3*b^2*d^2*f^2
      +60480*a^3*b^2*d^2*e*f
      +30240*a^3*b^2*d^2*e^2
      +20160*a^3*b^2*d^3*f
      +20160*a^3*b^2*d^3*e
      +5040*a^3*b^2*d^4
      +60480*a^3*b^2*c*f^3
      +181440*a^3*b^2*c*e*f^2
      +181440*a^3*b^2*c*e^2*f
      +60480*a^3*b^2*c*e^3
      +181440*a^3*b^2*c*d*f^2
      +362880*a^3*b^2*c*d*e*f
      +181440*a^3*b^2*c*d*e^2
      +181440*a^3*b^2*c*d^2*f
      +181440*a^3*b^2*c*d^2*e
      +60480*a^3*b^2*c*d^3
      +272160*a^3*b^2*c^2*f^2
      +544320*a^3*b^2*c^2*e*f
      +272160*a^3*b^2*c^2*e^2
      +544320*a^3*b^2*c^2*d*f
      +544320*a^3*b^2*c^2*d*e
      +272160*a^3*b^2*c^2*d^2
      +544320*a^3*b^2*c^3*f
      +544320*a^3*b^2*c^3*e
      +544320*a^3*b^2*c^3*d
      +408240*a^3*b^2*c^4
      +13440*a^3*b^3*f^3
      +40320*a^3*b^3*e*f^2
      +40320*a^3*b^3*e^2*f
      +13440*a^3*b^3*e^3
      +40320*a^3*b^3*d*f^2
      +80640*a^3*b^3*d*e*f
      +40320*a^3*b^3*d*e^2
      +40320*a^3*b^3*d^2*f
      +40320*a^3*b^3*d^2*e
      +13440*a^3*b^3*d^3
      +120960*a^3*b^3*c*f^2
      +241920*a^3*b^3*c*e*f
      +120960*a^3*b^3*c*e^2
      +241920*a^3*b^3*c*d*f
      +241920*a^3*b^3*c*d*e
      +120960*a^3*b^3*c*d^2
      +362880*a^3*b^3*c^2*f
      +362880*a^3*b^3*c^2*e
      +362880*a^3*b^3*c^2*d
      +362880*a^3*b^3*c^3
      +20160*a^3*b^4*f^2
      +40320*a^3*b^4*e*f
      +20160*a^3*b^4*e^2
      +40320*a^3*b^4*d*f
      +40320*a^3*b^4*d*e
      +20160*a^3*b^4*d^2
      +120960*a^3*b^4*c*f
      +120960*a^3*b^4*c*e
      +120960*a^3*b^4*c*d
      +181440*a^3*b^4*c^2
      +16128*a^3*b^5*f
      +16128*a^3*b^5*e
      +16128*a^3*b^5*d
      +48384*a^3*b^5*c
      +5376*a^3*b^6
      +126*a^4*f^5
      +630*a^4*e*f^4
      +1260*a^4*e^2*f^3
      +1260*a^4*e^3*f^2
      +630*a^4*e^4*f
      +126*a^4*e^5
      +630*a^4*d*f^4
      +2520*a^4*d*e*f^3
      +3780*a^4*d*e^2*f^2
      +2520*a^4*d*e^3*f
      +630*a^4*d*e^4
      +1260*a^4*d^2*f^3
      +3780*a^4*d^2*e*f^2
      +3780*a^4*d^2*e^2*f
      +1260*a^4*d^2*e^3
      +1260*a^4*d^3*f^2
      +2520*a^4*d^3*e*f
      +1260*a^4*d^3*e^2
      +630*a^4*d^4*f
      +630*a^4*d^4*e
      +126*a^4*d^5
      +1890*a^4*c*f^4
      +7560*a^4*c*e*f^3
      +11340*a^4*c*e^2*f^2
      +7560*a^4*c*e^3*f
      +1890*a^4*c*e^4
      +7560*a^4*c*d*f^3
      +22680*a^4*c*d*e*f^2
      +22680*a^4*c*d*e^2*f
      +7560*a^4*c*d*e^3
      +11340*a^4*c*d^2*f^2
      +22680*a^4*c*d^2*e*f
      +11340*a^4*c*d^2*e^2
      +7560*a^4*c*d^3*f
      +7560*a^4*c*d^3*e
      +1890*a^4*c*d^4
      +11340*a^4*c^2*f^3
      +34020*a^4*c^2*e*f^2
      +34020*a^4*c^2*e^2*f
      +11340*a^4*c^2*e^3
      +34020*a^4*c^2*d*f^2
      +68040*a^4*c^2*d*e*f
      +34020*a^4*c^2*d*e^2
      +34020*a^4*c^2*d^2*f
      +34020*a^4*c^2*d^2*e
      +11340*a^4*c^2*d^3
      +34020*a^4*c^3*f^2
      +68040*a^4*c^3*e*f
      +34020*a^4*c^3*e^2
      +68040*a^4*c^3*d*f
      +68040*a^4*c^3*d*e
      +34020*a^4*c^3*d^2
      +51030*a^4*c^4*f
      +51030*a^4*c^4*e
      +51030*a^4*c^4*d
      +30618*a^4*c^5
      +1260*a^4*b*f^4
      +5040*a^4*b*e*f^3
      +7560*a^4*b*e^2*f^2
      +5040*a^4*b*e^3*f
      +1260*a^4*b*e^4
      +5040*a^4*b*d*f^3
      +15120*a^4*b*d*e*f^2
      +15120*a^4*b*d*e^2*f
      +5040*a^4*b*d*e^3
      +7560*a^4*b*d^2*f^2
      +15120*a^4*b*d^2*e*f
      +7560*a^4*b*d^2*e^2
      +5040*a^4*b*d^3*f
      +5040*a^4*b*d^3*e
      +1260*a^4*b*d^4
      +15120*a^4*b*c*f^3
      +45360*a^4*b*c*e*f^2
      +45360*a^4*b*c*e^2*f
      +15120*a^4*b*c*e^3
      +45360*a^4*b*c*d*f^2
      +90720*a^4*b*c*d*e*f
      +45360*a^4*b*c*d*e^2
      +45360*a^4*b*c*d^2*f
      +45360*a^4*b*c*d^2*e
      +15120*a^4*b*c*d^3
      +68040*a^4*b*c^2*f^2
      +136080*a^4*b*c^2*e*f
      +68040*a^4*b*c^2*e^2
      +136080*a^4*b*c^2*d*f
      +136080*a^4*b*c^2*d*e
      +68040*a^4*b*c^2*d^2
      +136080*a^4*b*c^3*f
      +136080*a^4*b*c^3*e
      +136080*a^4*b*c^3*d
      +102060*a^4*b*c^4
      +5040*a^4*b^2*f^3
      +15120*a^4*b^2*e*f^2
      +15120*a^4*b^2*e^2*f
      +5040*a^4*b^2*e^3
      +15120*a^4*b^2*d*f^2
      +30240*a^4*b^2*d*e*f
      +15120*a^4*b^2*d*e^2
      +15120*a^4*b^2*d^2*f
      +15120*a^4*b^2*d^2*e
      +5040*a^4*b^2*d^3
      +45360*a^4*b^2*c*f^2
      +90720*a^4*b^2*c*e*f
      +45360*a^4*b^2*c*e^2
      +90720*a^4*b^2*c*d*f
      +90720*a^4*b^2*c*d*e
      +45360*a^4*b^2*c*d^2
      +136080*a^4*b^2*c^2*f
      +136080*a^4*b^2*c^2*e
      +136080*a^4*b^2*c^2*d
      +136080*a^4*b^2*c^3
      +10080*a^4*b^3*f^2
      +20160*a^4*b^3*e*f
      +10080*a^4*b^3*e^2
      +20160*a^4*b^3*d*f
      +20160*a^4*b^3*d*e
      +10080*a^4*b^3*d^2
      +60480*a^4*b^3*c*f
      +60480*a^4*b^3*c*e
      +60480*a^4*b^3*c*d
      +90720*a^4*b^3*c^2
      +10080*a^4*b^4*f
      +10080*a^4*b^4*e
      +10080*a^4*b^4*d
      +30240*a^4*b^4*c
      +4032*a^4*b^5
      +126*a^5*f^4
      +504*a^5*e*f^3
      +756*a^5*e^2*f^2
      +504*a^5*e^3*f
      +126*a^5*e^4
      +504*a^5*d*f^3
      +1512*a^5*d*e*f^2
      +1512*a^5*d*e^2*f
      +504*a^5*d*e^3
      +756*a^5*d^2*f^2
      +1512*a^5*d^2*e*f
      +756*a^5*d^2*e^2
      +504*a^5*d^3*f
      +504*a^5*d^3*e
      +126*a^5*d^4
      +1512*a^5*c*f^3
      +4536*a^5*c*e*f^2
      +4536*a^5*c*e^2*f
      +1512*a^5*c*e^3
      +4536*a^5*c*d*f^2
      +9072*a^5*c*d*e*f
      +4536*a^5*c*d*e^2
      +4536*a^5*c*d^2*f
      +4536*a^5*c*d^2*e
      +1512*a^5*c*d^3
      +6804*a^5*c^2*f^2
      +13608*a^5*c^2*e*f
      +6804*a^5*c^2*e^2
      +13608*a^5*c^2*d*f
      +13608*a^5*c^2*d*e
      +6804*a^5*c^2*d^2
      +13608*a^5*c^3*f
      +13608*a^5*c^3*e
      +13608*a^5*c^3*d
      +10206*a^5*c^4
      +1008*a^5*b*f^3
      +3024*a^5*b*e*f^2
      +3024*a^5*b*e^2*f
      +1008*a^5*b*e^3
      +3024*a^5*b*d*f^2
      +6048*a^5*b*d*e*f
      +3024*a^5*b*d*e^2
      +3024*a^5*b*d^2*f
      +3024*a^5*b*d^2*e
      +1008*a^5*b*d^3
      +9072*a^5*b*c*f^2
      +18144*a^5*b*c*e*f
      +9072*a^5*b*c*e^2
      +18144*a^5*b*c*d*f
      +18144*a^5*b*c*d*e
      +9072*a^5*b*c*d^2
      +27216*a^5*b*c^2*f
      +27216*a^5*b*c^2*e
      +27216*a^5*b*c^2*d
      +27216*a^5*b*c^3
      +3024*a^5*b^2*f^2
      +6048*a^5*b^2*e*f
      +3024*a^5*b^2*e^2
      +6048*a^5*b^2*d*f
      +6048*a^5*b^2*d*e
      +3024*a^5*b^2*d^2
      +18144*a^5*b^2*c*f
      +18144*a^5*b^2*c*e
      +18144*a^5*b^2*c*d
      +27216*a^5*b^2*c^2
      +4032*a^5*b^3*f
      +4032*a^5*b^3*e
      +4032*a^5*b^3*d
      +12096*a^5*b^3*c
      +2016*a^5*b^4
      +84*a^6*f^3
      +252*a^6*e*f^2
      +252*a^6*e^2*f
      +84*a^6*e^3
      +252*a^6*d*f^2
      +504*a^6*d*e*f
      +252*a^6*d*e^2
      +252*a^6*d^2*f
      +252*a^6*d^2*e
      +84*a^6*d^3
      +756*a^6*c*f^2
      +1512*a^6*c*e*f
      +756*a^6*c*e^2
      +1512*a^6*c*d*f
      +1512*a^6*c*d*e
      +756*a^6*c*d^2
      +2268*a^6*c^2*f
      +2268*a^6*c^2*e
      +2268*a^6*c^2*d
      +2268*a^6*c^3
      +504*a^6*b*f^2
      +1008*a^6*b*e*f
      +504*a^6*b*e^2
      +1008*a^6*b*d*f
      +1008*a^6*b*d*e
      +504*a^6*b*d^2
      +3024*a^6*b*c*f
      +3024*a^6*b*c*e
      +3024*a^6*b*c*d
      +4536*a^6*b*c^2
      +1008*a^6*b^2*f
      +1008*a^6*b^2*e
      +1008*a^6*b^2*d
      +3024*a^6*b^2*c
      +672*a^6*b^3
      +36*a^7*f^2
      +72*a^7*e*f
      +36*a^7*e^2
      +72*a^7*d*f
      +72*a^7*d*e
      +36*a^7*d^2
      +216*a^7*c*f
      +216*a^7*c*e
      +216*a^7*c*d
      +324*a^7*c^2
      +144*a^7*b*f
      +144*a^7*b*e
      +144*a^7*b*d
      +432*a^7*b*c
      +144*a^7*b^2
      +9*a^8*f
      +9*a^8*e
      +9*a^8*d
      +27*a^8*c
      +18*a^8*b
      +a^9
      ;
  0.01 sec + 0.09 sec: 0.11 sec out of 0.01 sec
